Laboratory: Who’s linked to what?

1. I wrote the C program to calculate cos(sqrt(3.0))

#include <stdio.h>
#include <math.h>

int main() 
{
	printf(“%.17g”, cos(sqrt(3.0)));
	return 0;
}

I build the program with
$ gcc -o lab lab.c

I ran the program with 
$ ./lab

and got an output of -0.16055653857469052

//

2. To see which dynamic libraries this C program used, I did
$ ldd lab

The output is shown below:

	linux-vdso.so.1 =>  (0x00007ffc54bfe000)
	libc.so.6 => /lib64/libc.so.6 (0x00007f1fe46ae000)
	/lib64/ld-linux-x86-64.so.2 (0x00007f1fe4a7b000)

//

3. To investigate the system calls, I did the following
$ strace ./lab

The output is the following:

execve("./lab", ["./lab"], [/* 39 vars */]) = 0
brk(NULL)                               = 0x7c3000
mmap(NULL, 4096, PROT_READ|PROT_WRITE, MAP_PRIVATE|MAP_ANONYMOUS, -1, 0) = 0x7f90998b5000
access("/etc/ld.so.preload", R_OK)      = -1 ENOENT (No such file or directory)
open("/etc/ld.so.cache", O_RDONLY|O_CLOEXEC) = 3
fstat(3, {st_mode=S_IFREG|0644, st_size=157744, ...}) = 0
mmap(NULL, 157744, PROT_READ, MAP_PRIVATE, 3, 0) = 0x7f909988e000
close(3)                                = 0
open("/lib64/libc.so.6", O_RDONLY|O_CLOEXEC) = 3
read(3, "\177ELF\2\1\1\3\0\0\0\0\0\0\0\0\3\0>\0\1\0\0\0\340$\2\0\0\0\0\0"..., 832) = 832
fstat(3, {st_mode=S_IFREG|0755, st_size=2151832, ...}) = 0
mmap(NULL, 3981792, PROT_READ|PROT_EXEC, MAP_PRIVATE|MAP_DENYWRITE, 3, 0) = 0x7f90992c8000
mprotect(0x7f909948b000, 2093056, PROT_NONE) = 0
mmap(0x7f909968a000, 24576, PROT_READ|PROT_WRITE, MAP_PRIVATE|MAP_FIXED|MAP_DENYWRITE, 3, 0x1c2000) = 0x7f909968a000
mmap(0x7f9099690000, 16864, PROT_READ|PROT_WRITE, MAP_PRIVATE|MAP_FIXED|MAP_ANONYMOUS, -1, 0) = 0x7f9099690000
close(3)                                = 0
mmap(NULL, 4096, PROT_READ|PROT_WRITE, MAP_PRIVATE|MAP_ANONYMOUS, -1, 0) = 0x7f909988d000
mmap(NULL, 8192, PROT_READ|PROT_WRITE, MAP_PRIVATE|MAP_ANONYMOUS, -1, 0) = 0x7f909988b000
arch_prctl(ARCH_SET_FS, 0x7f909988b740) = 0
mprotect(0x7f909968a000, 16384, PROT_READ) = 0
mprotect(0x600000, 4096, PROT_READ)     = 0
mprotect(0x7f90998b6000, 4096, PROT_READ) = 0
munmap(0x7f909988e000, 157744)          = 0
fstat(1, {st_mode=S_IFCHR|0620, st_rdev=makedev(136, 3), ...}) = 0
mmap(NULL, 4096, PROT_READ|PROT_WRITE, MAP_PRIVATE|MAP_ANONYMOUS, -1, 0) = 0x7f90998b4000
write(1, "-0.16055653857469052", 20-0.16055653857469052)    = 20
exit_group(0)                           = ?
+++ exited with 0 +++

The calls that are related to dynamic linking are access, open, fstat, close, mmap, and mprotect.
access: checks the user permissions for the library
open: opens the library
fstat: determines the size of the library 
close: closes the library
mmap: mapping between file and memory
mprotect: protects the mapping


//

4. To get a list of commands to investigate, I used my UID, which is 004923456
$ ls /usr/bin | awk ‘NR%101==004923456%101’

I got this output:
abrt-action-analyze-oops
atq
certutil
csslint-0.6
docbook2man
extractbb
geoiplookup
grep
gzexe
inimf
kbdrate
ksh93
locale
mixartloader
nf-ct-add
opcontrol
pamtable
pbmtox10bm
pilfont.pyc
pnmnorm
ppmtopcx
rcc
rpmdiff
shcomp
svnlook
timedatectl
w
xmlcatalog

//


5. I invoked ldd on the commands

$ ldd /usr/bin/abrt-action-analyze-oops
	linux-vdso.so.1 =>  (0x00007ffee666f000)
	libabrt.so.0 => /lib64/libabrt.so.0 (0x00007f770de73000)
	libgio-2.0.so.0 => /lib64/libgio-2.0.so.0 (0x00007f770dad8000)
	libgobject-2.0.so.0 => /lib64/libgobject-2.0.so.0 (0x00007f770d887000)
	libreport.so.0 => /lib64/libreport.so.0 (0x00007f770d65b000)
	libglib-2.0.so.0 => /lib64/libglib-2.0.so.0 (0x00007f770d347000)
	libsatyr.so.3 => /lib64/libsatyr.so.3 (0x00007f770cf1a000)
	libc.so.6 => /lib64/libc.so.6 (0x00007f770cb4d000)
	libffi.so.6 => /lib64/libffi.so.6 (0x00007f770c945000)
	libgmodule-2.0.so.0 => /lib64/libgmodule-2.0.so.0 (0x00007f770c741000)
	libdl.so.2 => /lib64/libdl.so.2 (0x00007f770c53d000)
	libpcre.so.1 => /lib64/libpcre.so.1 (0x00007f770c2db000)
	libpthread.so.0 => /lib64/libpthread.so.0 (0x00007f770c0bf000)
	libz.so.1 => /lib64/libz.so.1 (0x00007f770bea9000)
	libselinux.so.1 => /lib64/libselinux.so.1 (0x00007f770bc82000)
	libresolv.so.2 => /lib64/libresolv.so.2 (0x00007f770ba69000)
	libmount.so.1 => /lib64/libmount.so.1 (0x00007f770b827000)
	libgcc_s.so.1 => /lib64/libgcc_s.so.1 (0x00007f770b611000)
	libtar.so.1 => /lib64/libtar.so.1 (0x00007f770b405000)
	libjson-c.so.2 => /lib64/libjson-c.so.2 (0x00007f770b1fa000)
	libsystemd.so.0 => /lib64/libsystemd.so.0 (0x00007f770afc9000)
	libaugeas.so.0 => /lib64/libaugeas.so.0 (0x00007f770ad7c000)
	libstdc++.so.6 => /lib64/libstdc++.so.6 (0x00007f770aa75000)
	librpm.so.3 => /lib64/librpm.so.3 (0x00007f770a80d000)
	libdw.so.1 => /lib64/libdw.so.1 (0x00007f770a5c6000)
	libelf.so.1 => /lib64/libelf.so.1 (0x00007f770a3ae000)
	/lib64/ld-linux-x86-64.so.2 (0x00007f770e284000)
	libblkid.so.1 => /lib64/libblkid.so.1 (0x00007f770a16f000)
	libuuid.so.1 => /lib64/libuuid.so.1 (0x00007f7709f6a000)
	libcap.so.2 => /lib64/libcap.so.2 (0x00007f7709d65000)
	libm.so.6 => /lib64/libm.so.6 (0x00007f7709a63000)
	librt.so.1 => /lib64/librt.so.1 (0x00007f770985b000)
	liblzma.so.5 => /lib64/liblzma.so.5 (0x00007f7709635000)
	liblz4.so.1 => /lib64/liblz4.so.1 (0x00007f7709420000)
	libgcrypt.so.11 => /lib64/libgcrypt.so.11 (0x00007f770919f000)
	libgpg-error.so.0 => /lib64/libgpg-error.so.0 (0x00007f7708f9a000)
	libfa.so.1 => /lib64/libfa.so.1 (0x00007f7708d87000)
	libxml2.so.2 => /lib64/libxml2.so.2 (0x00007f7708a1d000)
	librpmio.so.3 => /lib64/librpmio.so.3 (0x00007f77087f0000)
	libnss3.so => /lib64/libnss3.so (0x00007f77084c3000)
	libbz2.so.1 => /lib64/libbz2.so.1 (0x00007f77082b3000)
	libpopt.so.0 => /lib64/libpopt.so.0 (0x00007f77080a9000)
	libacl.so.1 => /lib64/libacl.so.1 (0x00007f7707ea0000)
	liblua-5.1.so => /lib64/liblua-5.1.so (0x00007f7707c72000)
	libdb-5.3.so => /lib64/libdb-5.3.so (0x00007f77078b4000)
	libattr.so.1 => /lib64/libattr.so.1 (0x00007f77076af000)
	libnssutil3.so => /lib64/libnssutil3.so (0x00007f7707480000)
	libplc4.so => /lib64/libplc4.so (0x00007f770727b000)
	libplds4.so => /lib64/libplds4.so (0x00007f7707077000)
	libnspr4.so => /lib64/libnspr4.so (0x00007f7706e39000)

$ ldd /usr/bin/atq
	linux-vdso.so.1 =>  (0x00007ffebef36000)
	librt.so.1 => /lib64/librt.so.1 (0x00007f190fffa000)
	libselinux.so.1 => /lib64/libselinux.so.1 (0x00007f190fdd3000)
	libpam.so.0 => /lib64/libpam.so.0 (0x00007f190fbc4000)
	libpam_misc.so.0 => /lib64/libpam_misc.so.0 (0x00007f190f9c0000)
	libc.so.6 => /lib64/libc.so.6 (0x00007f190f5f3000)
	libpthread.so.0 => /lib64/libpthread.so.0 (0x00007f190f3d7000)
	libpcre.so.1 => /lib64/libpcre.so.1 (0x00007f190f175000)
	libdl.so.2 => /lib64/libdl.so.2 (0x00007f190ef71000)
	/lib64/ld-linux-x86-64.so.2 (0x00007f191040f000)
	libaudit.so.1 => /lib64/libaudit.so.1 (0x00007f190ed48000)
	libcap-ng.so.0 => /lib64/libcap-ng.so.0 (0x00007f190eb42000)

$ ldd /usr/bin/certutil
	linux-vdso.so.1 =>  (0x00007fff1c559000)
	libnssutil3.so => /lib64/libnssutil3.so (0x00007fbe1b3b5000)
	libplc4.so => /lib64/libplc4.so (0x00007fbe1b1b0000)
	libplds4.so => /lib64/libplds4.so (0x00007fbe1afac000)
	libnspr4.so => /lib64/libnspr4.so (0x00007fbe1ad6e000)
	libssl3.so => /lib64/libssl3.so (0x00007fbe1ab1c000)
	libsmime3.so => /lib64/libsmime3.so (0x00007fbe1a8f5000)
	libnss3.so => /lib64/libnss3.so (0x00007fbe1a5c8000)
	libsoftokn3.so => /lib64/libsoftokn3.so (0x00007fbe1a38a000)
	libpthread.so.0 => /lib64/libpthread.so.0 (0x00007fbe1a16e000)
	libdl.so.2 => /lib64/libdl.so.2 (0x00007fbe19f6a000)
	libc.so.6 => /lib64/libc.so.6 (0x00007fbe19b9d000)
	librt.so.1 => /lib64/librt.so.1 (0x00007fbe19995000)
	libsqlite3.so.0 => /lib64/libsqlite3.so.0 (0x00007fbe196e0000)
	/lib64/ld-linux-x86-64.so.2 (0x00007fbe1b5e4000)

$ ldd /usr/bin/csslint-0.6
	linux-vdso.so.1 =>  (0x00007ffe3015e000)
	libcroco-0.6.so.3 => /lib64/libcroco-0.6.so.3 (0x00007f4f399e0000)
	libglib-2.0.so.0 => /lib64/libglib-2.0.so.0 (0x00007f4f396cc000)
	libxml2.so.2 => /lib64/libxml2.so.2 (0x00007f4f39362000)
	libc.so.6 => /lib64/libc.so.6 (0x00007f4f38f95000)
	libpcre.so.1 => /lib64/libpcre.so.1 (0x00007f4f38d33000)
	libpthread.so.0 => /lib64/libpthread.so.0 (0x00007f4f38b17000)
	libdl.so.2 => /lib64/libdl.so.2 (0x00007f4f38913000)
	libz.so.1 => /lib64/libz.so.1 (0x00007f4f386fd000)
	liblzma.so.5 => /lib64/liblzma.so.5 (0x00007f4f384d7000)
	libm.so.6 => /lib64/libm.so.6 (0x00007f4f381d5000)
	/lib64/ld-linux-x86-64.so.2 (0x00007f4f39c1b000)

$ ldd /usr/bin/docbook2man
	not a dynamic executable

$ ldd /usr/bin/extractbb
	linux-vdso.so.1 =>  (0x00007ffe6cf8d000)
	libkpathsea.so.6 => /lib64/libkpathsea.so.6 (0x00007fa5197d8000)
	libpng15.so.15 => /lib64/libpng15.so.15 (0x00007fa5195ad000)
	libz.so.1 => /lib64/libz.so.1 (0x00007fa519397000)
	libm.so.6 => /lib64/libm.so.6 (0x00007fa519095000)
	libc.so.6 => /lib64/libc.so.6 (0x00007fa518cc8000)
	/lib64/ld-linux-x86-64.so.2 (0x00007fa5199f1000)

$ ldd /usr/bin/geoiplookup
	linux-vdso.so.1 =>  (0x00007fffe0dfc000)
	libGeoIP.so.1 => /lib64/libGeoIP.so.1 (0x00007fc711c0f000)
	libc.so.6 => /lib64/libc.so.6 (0x00007fc711842000)
	/lib64/ld-linux-x86-64.so.2 (0x00007fc711e3f000)

$ ldd /usr/bin/grep
	linux-vdso.so.1 =>  (0x00007ffc9ad6a000)
	libpcre.so.1 => /lib64/libpcre.so.1 (0x00007f64e11ed000)
	libc.so.6 => /lib64/libc.so.6 (0x00007f64e0e20000)
	libpthread.so.0 => /lib64/libpthread.so.0 (0x00007f64e0c04000)
	/lib64/ld-linux-x86-64.so.2 (0x00007f64e144f000)

$ ldd /usr/bin/gzexe
	not a dynamic executable

$ ldd /usr/bin/inimf
	linux-vdso.so.1 =>  (0x00007ffc099f5000)
	libkpathsea.so.6 => /lib64/libkpathsea.so.6 (0x00007f38354fc000)
	libXt.so.6 => /lib64/libXt.so.6 (0x00007f3835295000)
	libSM.so.6 => /lib64/libSM.so.6 (0x00007f383508d000)
	libICE.so.6 => /lib64/libICE.so.6 (0x00007f3834e71000)
	libXext.so.6 => /lib64/libXext.so.6 (0x00007f3834c5f000)
	libX11.so.6 => /lib64/libX11.so.6 (0x00007f3834921000)
	libm.so.6 => /lib64/libm.so.6 (0x00007f383461f000)
	libc.so.6 => /lib64/libc.so.6 (0x00007f3834252000)
	libuuid.so.1 => /lib64/libuuid.so.1 (0x00007f383404d000)
	libxcb.so.1 => /lib64/libxcb.so.1 (0x00007f3833e25000)
	libdl.so.2 => /lib64/libdl.so.2 (0x00007f3833c21000)
	/lib64/ld-linux-x86-64.so.2 (0x00007f3835715000)
	libXau.so.6 => /lib64/libXau.so.6 (0x00007f3833a1d000)

$ ldd /usr/bin/kbdrate
	linux-vdso.so.1 =>  (0x00007fff0ed66000)
	libc.so.6 => /lib64/libc.so.6 (0x00007f5801029000)
	/lib64/ld-linux-x86-64.so.2 (0x00007f58013f6000)

$ ldd /usr/bin/ksh93
	linux-vdso.so.1 =>  (0x00007ffcacbcb000)
	libdl.so.2 => /lib64/libdl.so.2 (0x00007f1b86056000)
	libutil.so.1 => /lib64/libutil.so.1 (0x00007f1b85e53000)
	libm.so.6 => /lib64/libm.so.6 (0x00007f1b85b51000)
	libc.so.6 => /lib64/libc.so.6 (0x00007f1b85784000)
	/lib64/ld-linux-x86-64.so.2 (0x00007f1b8625a000)

$ ldd /usr/bin/locale
	linux-vdso.so.1 =>  (0x00007ffe4e7bc000)
	libc.so.6 => /lib64/libc.so.6 (0x00007fca767e4000)
	/lib64/ld-linux-x86-64.so.2 (0x00007fca76bb1000)

$ ldd /usr/bin/mixartloader
	linux-vdso.so.1 =>  (0x00007ffc8ff87000)
	libasound.so.2 => /lib64/libasound.so.2 (0x00007ff7013dc000)
	libm.so.6 => /lib64/libm.so.6 (0x00007ff7010da000)
	libdl.so.2 => /lib64/libdl.so.2 (0x00007ff700ed6000)
	libpthread.so.0 => /lib64/libpthread.so.0 (0x00007ff700cba000)
	libc.so.6 => /lib64/libc.so.6 (0x00007ff7008ed000)
	librt.so.1 => /lib64/librt.so.1 (0x00007ff7006e5000)
	/lib64/ld-linux-x86-64.so.2 (0x00007ff7016da000)

$ ldd /usr/bin/nf-ct-add
	linux-vdso.so.1 =>  (0x00007ffdea9ee000)
	libnl-cli-3.so.200 => /lib64/libnl-cli-3.so.200 (0x00007fe0f8c10000)
	libnl-nf-3.so.200 => /lib64/libnl-nf-3.so.200 (0x00007fe0f89f7000)
	libnl-genl-3.so.200 => /lib64/libnl-genl-3.so.200 (0x00007fe0f87f1000)
	libdl.so.2 => /lib64/libdl.so.2 (0x00007fe0f85ed000)
	libnl-3.so.200 => /lib64/libnl-3.so.200 (0x00007fe0f83cc000)
	libnl-route-3.so.200 => /lib64/libnl-route-3.so.200 (0x00007fe0f815f000)
	libnl-idiag-3.so.200 => /lib64/libnl-idiag-3.so.200 (0x00007fe0f7f56000)
	libpthread.so.0 => /lib64/libpthread.so.0 (0x00007fe0f7d3a000)
	libm.so.6 => /lib64/libm.so.6 (0x00007fe0f7a38000)
	libc.so.6 => /lib64/libc.so.6 (0x00007fe0f766b000)
	/lib64/ld-linux-x86-64.so.2 (0x00007fe0f8e1b000)

$ ldd /usr/bin/opcontrol
	not a dynamic executable

$ ldd /usr/bin/pamtable
	linux-vdso.so.1 =>  (0x00007ffdaff26000)
	libnetpbm.so.11 => /lib64/libnetpbm.so.11 (0x00007f57e71c4000)
	libm.so.6 => /lib64/libm.so.6 (0x00007f57e6ec2000)
	libc.so.6 => /lib64/libc.so.6 (0x00007f57e6af5000)
	/lib64/ld-linux-x86-64.so.2 (0x00007f57e7404000)

$ ldd /usr/bin/pbmtox10bm
	not a dynamic executable

$ ldd /usr/bin/pilfont.pyc
ldd: warning: you do not have execution permission for `/usr/bin/pilfont.pyc'
	not a dynamic executable

$ ldd /usr/bin/pnmnorm
	linux-vdso.so.1 =>  (0x00007ffc0a36b000)
	libnetpbm.so.11 => /lib64/libnetpbm.so.11 (0x00007f89c5df3000)
	libm.so.6 => /lib64/libm.so.6 (0x00007f89c5af1000)
	libc.so.6 => /lib64/libc.so.6 (0x00007f89c5724000)
	/lib64/ld-linux-x86-64.so.2 (0x00007f89c6033000)

$ ldd /usr/bin/ppmtopcx
	linux-vdso.so.1 =>  (0x00007ffdae2fc000)
	libnetpbm.so.11 => /lib64/libnetpbm.so.11 (0x00007f5ff00d2000)
	libm.so.6 => /lib64/libm.so.6 (0x00007f5fefdd0000)
	libc.so.6 => /lib64/libc.so.6 (0x00007f5fefa03000)
	/lib64/ld-linux-x86-64.so.2 (0x00007f5ff0312000)

$ ldd /usr/bin/rcc
	linux-vdso.so.1 =>  (0x00007ffd249ee000)
	libz.so.1 => /lib64/libz.so.1 (0x00007fb17c0b7000)
	libstdc++.so.6 => /lib64/libstdc++.so.6 (0x00007fb17bdb0000)
	libm.so.6 => /lib64/libm.so.6 (0x00007fb17baae000)
	libgcc_s.so.1 => /lib64/libgcc_s.so.1 (0x00007fb17b898000)
	libc.so.6 => /lib64/libc.so.6 (0x00007fb17b4cb000)
	/lib64/ld-linux-x86-64.so.2 (0x00007fb17c2cd000)

$ ldd /usr/bin/rpmdiff
	not a dynamic executable

$ ldd /usr/bin/shcomp
	linux-vdso.so.1 =>  (0x00007fffb1081000)
	libdl.so.2 => /lib64/libdl.so.2 (0x00007f7b5c07e000)
	libutil.so.1 => /lib64/libutil.so.1 (0x00007f7b5be7b000)
	libm.so.6 => /lib64/libm.so.6 (0x00007f7b5bb79000)
	libc.so.6 => /lib64/libc.so.6 (0x00007f7b5b7ac000)
	/lib64/ld-linux-x86-64.so.2 (0x00007f7b5c282000)

$ ldd /usr/bin/svnlook
	linux-vdso.so.1 =>  (0x00007fffbef45000)
	libsvn_repos-1.so.0 => /lib64/libsvn_repos-1.so.0 (0x00007f380b0c1000)
	libsvn_fs-1.so.0 => /lib64/libsvn_fs-1.so.0 (0x00007f380aeb9000)
	libsvn_fs_fs-1.so.0 => /lib64/libsvn_fs_fs-1.so.0 (0x00007f380ac8c000)
	libsvn_fs_base-1.so.0 => /lib64/libsvn_fs_base-1.so.0 (0x00007f380aa5b000)
	libsvn_delta-1.so.0 => /lib64/libsvn_delta-1.so.0 (0x00007f380a84d000)
	libsvn_fs_util-1.so.0 => /lib64/libsvn_fs_util-1.so.0 (0x00007f380a64a000)
	libsvn_diff-1.so.0 => /lib64/libsvn_diff-1.so.0 (0x00007f380a439000)
	libsvn_subr-1.so.0 => /lib64/libsvn_subr-1.so.0 (0x00007f380a1d4000)
	libz.so.1 => /lib64/libz.so.1 (0x00007f3809fbe000)
	libsqlite3.so.0 => /lib64/libsqlite3.so.0 (0x00007f3809d09000)
	libmagic.so.1 => /lib64/libmagic.so.1 (0x00007f3809aec000)
	libaprutil-1.so.0 => /lib64/libaprutil-1.so.0 (0x00007f38098c3000)
	libcrypt.so.1 => /lib64/libcrypt.so.1 (0x00007f380968c000)
	libexpat.so.1 => /lib64/libexpat.so.1 (0x00007f3809462000)
	libdb-5.3.so => /lib64/libdb-5.3.so (0x00007f38090a4000)
	libapr-1.so.0 => /lib64/libapr-1.so.0 (0x00007f3808e75000)
	libpthread.so.0 => /lib64/libpthread.so.0 (0x00007f3808c59000)
	libdl.so.2 => /lib64/libdl.so.2 (0x00007f3808a55000)
	libc.so.6 => /lib64/libc.so.6 (0x00007f3808688000)
	libuuid.so.1 => /lib64/libuuid.so.1 (0x00007f3808483000)
	libfreebl3.so => /lib64/libfreebl3.so (0x00007f3808280000)
	/lib64/ld-linux-x86-64.so.2 (0x00007f380b500000)

$ ldd /usr/bin/timedatectl
	linux-vdso.so.1 =>  (0x00007fffc25fd000)
	librt.so.1 => /lib64/librt.so.1 (0x00007f8c6d981000)
	libcap.so.2 => /lib64/libcap.so.2 (0x00007f8c6d77c000)
	libgcc_s.so.1 => /lib64/libgcc_s.so.1 (0x00007f8c6d566000)
	libpthread.so.0 => /lib64/libpthread.so.0 (0x00007f8c6d34a000)
	libc.so.6 => /lib64/libc.so.6 (0x00007f8c6cf7d000)
	/lib64/ld-linux-x86-64.so.2 (0x00007f8c6ddda000)
	libattr.so.1 => /lib64/libattr.so.1 (0x00007f8c6cd78000)

$ ldd /usr/bin/w
	linux-vdso.so.1 =>  (0x00007ffe06b7d000)
	libprocps.so.4 => /lib64/libprocps.so.4 (0x00007fb7f4e5d000)
	libsystemd.so.0 => /lib64/libsystemd.so.0 (0x00007fb7f4c2c000)
	libdl.so.2 => /lib64/libdl.so.2 (0x00007fb7f4a28000)
	libc.so.6 => /lib64/libc.so.6 (0x00007fb7f465b000)
	libcap.so.2 => /lib64/libcap.so.2 (0x00007fb7f4456000)
	libm.so.6 => /lib64/libm.so.6 (0x00007fb7f4154000)
	librt.so.1 => /lib64/librt.so.1 (0x00007fb7f3f4c000)
	libselinux.so.1 => /lib64/libselinux.so.1 (0x00007fb7f3d25000)
	liblzma.so.5 => /lib64/liblzma.so.5 (0x00007fb7f3aff000)
	liblz4.so.1 => /lib64/liblz4.so.1 (0x00007fb7f38ea000)
	libgcrypt.so.11 => /lib64/libgcrypt.so.11 (0x00007fb7f3669000)
	libgpg-error.so.0 => /lib64/libgpg-error.so.0 (0x00007fb7f3464000)
	libresolv.so.2 => /lib64/libresolv.so.2 (0x00007fb7f324b000)
	libdw.so.1 => /lib64/libdw.so.1 (0x00007fb7f3004000)
	libgcc_s.so.1 => /lib64/libgcc_s.so.1 (0x00007fb7f2dee000)
	libpthread.so.0 => /lib64/libpthread.so.0 (0x00007fb7f2bd2000)
	/lib64/ld-linux-x86-64.so.2 (0x00007fb7f5084000)
	libattr.so.1 => /lib64/libattr.so.1 (0x00007fb7f29cd000)
	libpcre.so.1 => /lib64/libpcre.so.1 (0x00007fb7f276b000)
	libelf.so.1 => /lib64/libelf.so.1 (0x00007fb7f2553000)
	libz.so.1 => /lib64/libz.so.1 (0x00007fb7f233d000)
	libbz2.so.1 => /lib64/libbz2.so.1 (0x00007fb7f212d000)

$ ldd /usr/bin/xmlcatalog
	linux-vdso.so.1 =>  (0x00007ffdf41f5000)
	libxml2.so.2 => /lib64/libxml2.so.2 (0x00007fa38994c000)
	libdl.so.2 => /lib64/libdl.so.2 (0x00007fa389748000)
	libz.so.1 => /lib64/libz.so.1 (0x00007fa389532000)
	liblzma.so.5 => /lib64/liblzma.so.5 (0x00007fa38930c000)
	libm.so.6 => /lib64/libm.so.6 (0x00007fa38900a000)
	libc.so.6 => /lib64/libc.so.6 (0x00007fa388c3d000)
	/lib64/ld-linux-x86-64.so.2 (0x00007fa389cb6000)
	libpthread.so.0 => /lib64/libpthread.so.0 (0x00007fa388a21000)


I got some errors saying ‘not a dynamic executable’. To investigate this, I used ‘file’ and all these commands as follows:

$ file /usr/bin/docbook2man

I got this result:

POSIX shell script, ASCII text executable

Using ‘file’ on all the other commands told me that these ‘not a dynamic executable’ commands are all Python script or POSIX shell script.

//

6. To get a sorted list, I wrote a shell script that would read all the commands and invoke ldd on everything:

$ emacs sorter.sh

#!/bin/bash                                                                                        

ALL=`ls /usr/bin | awk 'NR%101==004923456%101'`

for item in $ALL
do
    s=`which $item`
    echo $s
    ldd $s
done

Then I did the following

$ ./sorter.sh > list

$ cat list | grep = |sed ’s/(.*)//‘ | sort -u

/usr/bin/abrt-action-analyze-oops
	linux-vdso.so.1 =>  (0x00007ffd371b8000)
	libabrt.so.0 => /lib64/libabrt.so.0 (0x00007fd2f10d7000)
	libgio-2.0.so.0 => /lib64/libgio-2.0.so.0 (0x00007fd2f0d3c000)
	libgobject-2.0.so.0 => /lib64/libgobject-2.0.so.0 (0x00007fd2f0aeb000)
	libreport.so.0 => /lib64/libreport.so.0 (0x00007fd2f08bf000)
	libglib-2.0.so.0 => /lib64/libglib-2.0.so.0 (0x00007fd2f05ab000)
	libsatyr.so.3 => /lib64/libsatyr.so.3 (0x00007fd2f017e000)
	libc.so.6 => /lib64/libc.so.6 (0x00007fd2efdb1000)
	libffi.so.6 => /lib64/libffi.so.6 (0x00007fd2efba9000)
	libgmodule-2.0.so.0 => /lib64/libgmodule-2.0.so.0 (0x00007fd2ef9a5000)
	libdl.so.2 => /lib64/libdl.so.2 (0x00007fd2ef7a1000)
	libpcre.so.1 => /lib64/libpcre.so.1 (0x00007fd2ef53f000)
	libpthread.so.0 => /lib64/libpthread.so.0 (0x00007fd2ef323000)
	libz.so.1 => /lib64/libz.so.1 (0x00007fd2ef10d000)
	libselinux.so.1 => /lib64/libselinux.so.1 (0x00007fd2eeee6000)
	libresolv.so.2 => /lib64/libresolv.so.2 (0x00007fd2eeccd000)
	libmount.so.1 => /lib64/libmount.so.1 (0x00007fd2eea8b000)
	libgcc_s.so.1 => /lib64/libgcc_s.so.1 (0x00007fd2ee875000)
	libtar.so.1 => /lib64/libtar.so.1 (0x00007fd2ee669000)
	libjson-c.so.2 => /lib64/libjson-c.so.2 (0x00007fd2ee45e000)
	libsystemd.so.0 => /lib64/libsystemd.so.0 (0x00007fd2ee22d000)
	libaugeas.so.0 => /lib64/libaugeas.so.0 (0x00007fd2edfe0000)
	libstdc++.so.6 => /lib64/libstdc++.so.6 (0x00007fd2edcd9000)
	librpm.so.3 => /lib64/librpm.so.3 (0x00007fd2eda71000)
	libdw.so.1 => /lib64/libdw.so.1 (0x00007fd2ed82a000)
	libelf.so.1 => /lib64/libelf.so.1 (0x00007fd2ed612000)
	/lib64/ld-linux-x86-64.so.2 (0x00007fd2f14e8000)
	libblkid.so.1 => /lib64/libblkid.so.1 (0x00007fd2ed3d3000)
	libuuid.so.1 => /lib64/libuuid.so.1 (0x00007fd2ed1ce000)
	libcap.so.2 => /lib64/libcap.so.2 (0x00007fd2ecfc9000)
	libm.so.6 => /lib64/libm.so.6 (0x00007fd2eccc7000)
	librt.so.1 => /lib64/librt.so.1 (0x00007fd2ecabf000)
	liblzma.so.5 => /lib64/liblzma.so.5 (0x00007fd2ec899000)
	liblz4.so.1 => /lib64/liblz4.so.1 (0x00007fd2ec684000)
	libgcrypt.so.11 => /lib64/libgcrypt.so.11 (0x00007fd2ec403000)
	libgpg-error.so.0 => /lib64/libgpg-error.so.0 (0x00007fd2ec1fe000)
	libfa.so.1 => /lib64/libfa.so.1 (0x00007fd2ebfeb000)
	libxml2.so.2 => /lib64/libxml2.so.2 (0x00007fd2ebc81000)
	librpmio.so.3 => /lib64/librpmio.so.3 (0x00007fd2eba54000)
	libnss3.so => /lib64/libnss3.so (0x00007fd2eb727000)
	libbz2.so.1 => /lib64/libbz2.so.1 (0x00007fd2eb517000)
	libpopt.so.0 => /lib64/libpopt.so.0 (0x00007fd2eb30d000)
	libacl.so.1 => /lib64/libacl.so.1 (0x00007fd2eb104000)
	liblua-5.1.so => /lib64/liblua-5.1.so (0x00007fd2eaed6000)
	libdb-5.3.so => /lib64/libdb-5.3.so (0x00007fd2eab18000)
	libattr.so.1 => /lib64/libattr.so.1 (0x00007fd2ea913000)
	libnssutil3.so => /lib64/libnssutil3.so (0x00007fd2ea6e4000)
	libplc4.so => /lib64/libplc4.so (0x00007fd2ea4df000)
	libplds4.so => /lib64/libplds4.so (0x00007fd2ea2db000)
	libnspr4.so => /lib64/libnspr4.so (0x00007fd2ea09d000)
/usr/bin/atq
	linux-vdso.so.1 =>  (0x00007fffdf107000)
	librt.so.1 => /lib64/librt.so.1 (0x00007fd6df90a000)
	libselinux.so.1 => /lib64/libselinux.so.1 (0x00007fd6df6e3000)
	libpam.so.0 => /lib64/libpam.so.0 (0x00007fd6df4d4000)
	libpam_misc.so.0 => /lib64/libpam_misc.so.0 (0x00007fd6df2d0000)
	libc.so.6 => /lib64/libc.so.6 (0x00007fd6def03000)
	libpthread.so.0 => /lib64/libpthread.so.0 (0x00007fd6dece7000)
	libpcre.so.1 => /lib64/libpcre.so.1 (0x00007fd6dea85000)
	libdl.so.2 => /lib64/libdl.so.2 (0x00007fd6de881000)
	/lib64/ld-linux-x86-64.so.2 (0x00007fd6dfd1f000)
	libaudit.so.1 => /lib64/libaudit.so.1 (0x00007fd6de658000)
	libcap-ng.so.0 => /lib64/libcap-ng.so.0 (0x00007fd6de452000)
/usr/bin/certutil
	linux-vdso.so.1 =>  (0x00007ffd5a1e5000)
	libnssutil3.so => /lib64/libnssutil3.so (0x00007f311d61a000)
	libplc4.so => /lib64/libplc4.so (0x00007f311d415000)
	libplds4.so => /lib64/libplds4.so (0x00007f311d211000)
	libnspr4.so => /lib64/libnspr4.so (0x00007f311cfd3000)
	libssl3.so => /lib64/libssl3.so (0x00007f311cd81000)
	libsmime3.so => /lib64/libsmime3.so (0x00007f311cb5a000)
	libnss3.so => /lib64/libnss3.so (0x00007f311c82d000)
	libsoftokn3.so => /lib64/libsoftokn3.so (0x00007f311c5ef000)
	libpthread.so.0 => /lib64/libpthread.so.0 (0x00007f311c3d3000)
	libdl.so.2 => /lib64/libdl.so.2 (0x00007f311c1cf000)
	libc.so.6 => /lib64/libc.so.6 (0x00007f311be02000)
	librt.so.1 => /lib64/librt.so.1 (0x00007f311bbfa000)
	libsqlite3.so.0 => /lib64/libsqlite3.so.0 (0x00007f311b945000)
	/lib64/ld-linux-x86-64.so.2 (0x00007f311d849000)
/usr/bin/csslint-0.6
	linux-vdso.so.1 =>  (0x00007ffeaf7fd000)
	libcroco-0.6.so.3 => /lib64/libcroco-0.6.so.3 (0x00007fc62f178000)
	libglib-2.0.so.0 => /lib64/libglib-2.0.so.0 (0x00007fc62ee64000)
	libxml2.so.2 => /lib64/libxml2.so.2 (0x00007fc62eafa000)
	libc.so.6 => /lib64/libc.so.6 (0x00007fc62e72d000)
	libpcre.so.1 => /lib64/libpcre.so.1 (0x00007fc62e4cb000)
	libpthread.so.0 => /lib64/libpthread.so.0 (0x00007fc62e2af000)
	libdl.so.2 => /lib64/libdl.so.2 (0x00007fc62e0ab000)
	libz.so.1 => /lib64/libz.so.1 (0x00007fc62de95000)
	liblzma.so.5 => /lib64/liblzma.so.5 (0x00007fc62dc6f000)
	libm.so.6 => /lib64/libm.so.6 (0x00007fc62d96d000)
	/lib64/ld-linux-x86-64.so.2 (0x00007fc62f3b3000)
/usr/bin/docbook2man
	not a dynamic executable
/usr/bin/extractbb
	linux-vdso.so.1 =>  (0x00007ffc39d8d000)
	libkpathsea.so.6 => /lib64/libkpathsea.so.6 (0x00007f58592f0000)
	libpng15.so.15 => /lib64/libpng15.so.15 (0x00007f58590c5000)
	libz.so.1 => /lib64/libz.so.1 (0x00007f5858eaf000)
	libm.so.6 => /lib64/libm.so.6 (0x00007f5858bad000)
	libc.so.6 => /lib64/libc.so.6 (0x00007f58587e0000)
	/lib64/ld-linux-x86-64.so.2 (0x00007f5859509000)
/usr/bin/geoiplookup
	linux-vdso.so.1 =>  (0x00007ffd9f0e7000)
	libGeoIP.so.1 => /lib64/libGeoIP.so.1 (0x00007f32d932d000)
	libc.so.6 => /lib64/libc.so.6 (0x00007f32d8f60000)
	/lib64/ld-linux-x86-64.so.2 (0x00007f32d955d000)
/usr/local/cs/bin/grep
	linux-vdso.so.1 =>  (0x00007fff101a5000)
	libpcre.so.1 => /lib64/libpcre.so.1 (0x00007f56b1dd2000)
	libc.so.6 => /lib64/libc.so.6 (0x00007f56b1a05000)
	libpthread.so.0 => /lib64/libpthread.so.0 (0x00007f56b17e9000)
	/lib64/ld-linux-x86-64.so.2 (0x00007f56b2034000)
/usr/local/cs/bin/gzexe
	not a dynamic executable
/usr/bin/inimf
	linux-vdso.so.1 =>  (0x00007ffc0d8cf000)
	libkpathsea.so.6 => /lib64/libkpathsea.so.6 (0x00007f461d989000)
	libXt.so.6 => /lib64/libXt.so.6 (0x00007f461d722000)
	libSM.so.6 => /lib64/libSM.so.6 (0x00007f461d51a000)
	libICE.so.6 => /lib64/libICE.so.6 (0x00007f461d2fe000)
	libXext.so.6 => /lib64/libXext.so.6 (0x00007f461d0ec000)
	libX11.so.6 => /lib64/libX11.so.6 (0x00007f461cdae000)
	libm.so.6 => /lib64/libm.so.6 (0x00007f461caac000)
	libc.so.6 => /lib64/libc.so.6 (0x00007f461c6df000)
	libuuid.so.1 => /lib64/libuuid.so.1 (0x00007f461c4da000)
	libxcb.so.1 => /lib64/libxcb.so.1 (0x00007f461c2b2000)
	libdl.so.2 => /lib64/libdl.so.2 (0x00007f461c0ae000)
	/lib64/ld-linux-x86-64.so.2 (0x00007f461dba2000)
	libXau.so.6 => /lib64/libXau.so.6 (0x00007f461beaa000)
/usr/bin/kbdrate
	linux-vdso.so.1 =>  (0x00007ffd9f5e7000)
	libc.so.6 => /lib64/libc.so.6 (0x00007f5ea3017000)
	/lib64/ld-linux-x86-64.so.2 (0x00007f5ea33e4000)
/usr/bin/ksh93
	linux-vdso.so.1 =>  (0x00007ffc39fe6000)
	libdl.so.2 => /lib64/libdl.so.2 (0x00007f9525cfe000)
	libutil.so.1 => /lib64/libutil.so.1 (0x00007f9525afb000)
	libm.so.6 => /lib64/libm.so.6 (0x00007f95257f9000)
	libc.so.6 => /lib64/libc.so.6 (0x00007f952542c000)
	/lib64/ld-linux-x86-64.so.2 (0x00007f9525f02000)
/usr/bin/locale
	linux-vdso.so.1 =>  (0x00007ffdb94f6000)
	libc.so.6 => /lib64/libc.so.6 (0x00007fc218bf0000)
	/lib64/ld-linux-x86-64.so.2 (0x00007fc218fbd000)
/usr/bin/mixartloader
	linux-vdso.so.1 =>  (0x00007ffe941dc000)
	libasound.so.2 => /lib64/libasound.so.2 (0x00007f6fb8b8d000)
	libm.so.6 => /lib64/libm.so.6 (0x00007f6fb888b000)
	libdl.so.2 => /lib64/libdl.so.2 (0x00007f6fb8687000)
	libpthread.so.0 => /lib64/libpthread.so.0 (0x00007f6fb846b000)
	libc.so.6 => /lib64/libc.so.6 (0x00007f6fb809e000)
	librt.so.1 => /lib64/librt.so.1 (0x00007f6fb7e96000)
	/lib64/ld-linux-x86-64.so.2 (0x00007f6fb8e8b000)
/usr/bin/nf-ct-add
	linux-vdso.so.1 =>  (0x00007fff19d20000)
	libnl-cli-3.so.200 => /lib64/libnl-cli-3.so.200 (0x00007efe8efd8000)
	libnl-nf-3.so.200 => /lib64/libnl-nf-3.so.200 (0x00007efe8edbf000)
	libnl-genl-3.so.200 => /lib64/libnl-genl-3.so.200 (0x00007efe8ebb9000)
	libdl.so.2 => /lib64/libdl.so.2 (0x00007efe8e9b5000)
	libnl-3.so.200 => /lib64/libnl-3.so.200 (0x00007efe8e794000)
	libnl-route-3.so.200 => /lib64/libnl-route-3.so.200 (0x00007efe8e527000)
	libnl-idiag-3.so.200 => /lib64/libnl-idiag-3.so.200 (0x00007efe8e31e000)
	libpthread.so.0 => /lib64/libpthread.so.0 (0x00007efe8e102000)
	libm.so.6 => /lib64/libm.so.6 (0x00007efe8de00000)
	libc.so.6 => /lib64/libc.so.6 (0x00007efe8da33000)
	/lib64/ld-linux-x86-64.so.2 (0x00007efe8f1e3000)
/usr/bin/opcontrol
	not a dynamic executable
/usr/bin/pamtable
	linux-vdso.so.1 =>  (0x00007ffc35992000)
	libnetpbm.so.11 => /lib64/libnetpbm.so.11 (0x00007f3606182000)
	libm.so.6 => /lib64/libm.so.6 (0x00007f3605e80000)
	libc.so.6 => /lib64/libc.so.6 (0x00007f3605ab3000)
	/lib64/ld-linux-x86-64.so.2 (0x00007f36063c2000)
/usr/bin/pbmtox10bm
	not a dynamic executable
which: no pilfont.pyc in (/usr/local/cs/bin:/usr/lib64/qt-3.3/bin:/u/cs/ugrad/kamu/perl5/bin:/usr/local/bin:/usr/bin:/usr/X11R6/bin:/usr/local/cs/bin:/u/cs/ugrad/kamu/bin)

ldd: missing file arguments
Try `ldd --help' for more information.
/usr/bin/pnmnorm
	linux-vdso.so.1 =>  (0x00007ffd61c43000)
	libnetpbm.so.11 => /lib64/libnetpbm.so.11 (0x00007f0d0aa45000)
	libm.so.6 => /lib64/libm.so.6 (0x00007f0d0a743000)
	libc.so.6 => /lib64/libc.so.6 (0x00007f0d0a376000)
	/lib64/ld-linux-x86-64.so.2 (0x00007f0d0ac85000)
/usr/bin/ppmtopcx
	linux-vdso.so.1 =>  (0x00007ffe2ffc2000)
	libnetpbm.so.11 => /lib64/libnetpbm.so.11 (0x00007efe666c2000)
	libm.so.6 => /lib64/libm.so.6 (0x00007efe663c0000)
	libc.so.6 => /lib64/libc.so.6 (0x00007efe65ff3000)
	/lib64/ld-linux-x86-64.so.2 (0x00007efe66902000)
/usr/bin/rcc
	linux-vdso.so.1 =>  (0x00007ffd5f7f0000)
	libz.so.1 => /lib64/libz.so.1 (0x00007f5cafa17000)
	libstdc++.so.6 => /lib64/libstdc++.so.6 (0x00007f5caf710000)
	libm.so.6 => /lib64/libm.so.6 (0x00007f5caf40e000)
	libgcc_s.so.1 => /lib64/libgcc_s.so.1 (0x00007f5caf1f8000)
	libc.so.6 => /lib64/libc.so.6 (0x00007f5caee2b000)
	/lib64/ld-linux-x86-64.so.2 (0x00007f5cafc2d000)
/usr/bin/rpmdiff
	not a dynamic executable
/usr/bin/shcomp
	linux-vdso.so.1 =>  (0x00007ffff3fd7000)
	libdl.so.2 => /lib64/libdl.so.2 (0x00007eff9d18d000)
	libutil.so.1 => /lib64/libutil.so.1 (0x00007eff9cf8a000)
	libm.so.6 => /lib64/libm.so.6 (0x00007eff9cc88000)
	libc.so.6 => /lib64/libc.so.6 (0x00007eff9c8bb000)
	/lib64/ld-linux-x86-64.so.2 (0x00007eff9d391000)
/usr/bin/svnlook
	linux-vdso.so.1 =>  (0x00007ffd1eb28000)
	libsvn_repos-1.so.0 => /lib64/libsvn_repos-1.so.0 (0x00007f0fd9e80000)
	libsvn_fs-1.so.0 => /lib64/libsvn_fs-1.so.0 (0x00007f0fd9c78000)
	libsvn_fs_fs-1.so.0 => /lib64/libsvn_fs_fs-1.so.0 (0x00007f0fd9a4b000)
	libsvn_fs_base-1.so.0 => /lib64/libsvn_fs_base-1.so.0 (0x00007f0fd981a000)
	libsvn_delta-1.so.0 => /lib64/libsvn_delta-1.so.0 (0x00007f0fd960c000)
	libsvn_fs_util-1.so.0 => /lib64/libsvn_fs_util-1.so.0 (0x00007f0fd9409000)
	libsvn_diff-1.so.0 => /lib64/libsvn_diff-1.so.0 (0x00007f0fd91f8000)
	libsvn_subr-1.so.0 => /lib64/libsvn_subr-1.so.0 (0x00007f0fd8f93000)
	libz.so.1 => /lib64/libz.so.1 (0x00007f0fd8d7d000)
	libsqlite3.so.0 => /lib64/libsqlite3.so.0 (0x00007f0fd8ac8000)
	libmagic.so.1 => /lib64/libmagic.so.1 (0x00007f0fd88ab000)
	libaprutil-1.so.0 => /lib64/libaprutil-1.so.0 (0x00007f0fd8682000)
	libcrypt.so.1 => /lib64/libcrypt.so.1 (0x00007f0fd844b000)
	libexpat.so.1 => /lib64/libexpat.so.1 (0x00007f0fd8221000)
	libdb-5.3.so => /lib64/libdb-5.3.so (0x00007f0fd7e63000)
	libapr-1.so.0 => /lib64/libapr-1.so.0 (0x00007f0fd7c34000)
	libpthread.so.0 => /lib64/libpthread.so.0 (0x00007f0fd7a18000)
	libdl.so.2 => /lib64/libdl.so.2 (0x00007f0fd7814000)
	libc.so.6 => /lib64/libc.so.6 (0x00007f0fd7447000)
	libuuid.so.1 => /lib64/libuuid.so.1 (0x00007f0fd7242000)
	libfreebl3.so => /lib64/libfreebl3.so (0x00007f0fd703f000)
	/lib64/ld-linux-x86-64.so.2 (0x00007f0fda2bf000)
/usr/bin/timedatectl
	linux-vdso.so.1 =>  (0x00007ffc55962000)
	librt.so.1 => /lib64/librt.so.1 (0x00007f277205e000)
	libcap.so.2 => /lib64/libcap.so.2 (0x00007f2771e59000)
	libgcc_s.so.1 => /lib64/libgcc_s.so.1 (0x00007f2771c43000)
	libpthread.so.0 => /lib64/libpthread.so.0 (0x00007f2771a27000)
	libc.so.6 => /lib64/libc.so.6 (0x00007f277165a000)
	/lib64/ld-linux-x86-64.so.2 (0x00007f27724b7000)
	libattr.so.1 => /lib64/libattr.so.1 (0x00007f2771455000)
/usr/bin/w
	linux-vdso.so.1 =>  (0x00007ffe6b395000)
	libprocps.so.4 => /lib64/libprocps.so.4 (0x00007fab98807000)
	libsystemd.so.0 => /lib64/libsystemd.so.0 (0x00007fab985d6000)
	libdl.so.2 => /lib64/libdl.so.2 (0x00007fab983d2000)
	libc.so.6 => /lib64/libc.so.6 (0x00007fab98005000)
	libcap.so.2 => /lib64/libcap.so.2 (0x00007fab97e00000)
	libm.so.6 => /lib64/libm.so.6 (0x00007fab97afe000)
	librt.so.1 => /lib64/librt.so.1 (0x00007fab978f6000)
	libselinux.so.1 => /lib64/libselinux.so.1 (0x00007fab976cf000)
	liblzma.so.5 => /lib64/liblzma.so.5 (0x00007fab974a9000)
	liblz4.so.1 => /lib64/liblz4.so.1 (0x00007fab97294000)
	libgcrypt.so.11 => /lib64/libgcrypt.so.11 (0x00007fab97013000)
	libgpg-error.so.0 => /lib64/libgpg-error.so.0 (0x00007fab96e0e000)
	libresolv.so.2 => /lib64/libresolv.so.2 (0x00007fab96bf5000)
	libdw.so.1 => /lib64/libdw.so.1 (0x00007fab969ae000)
	libgcc_s.so.1 => /lib64/libgcc_s.so.1 (0x00007fab96798000)
	libpthread.so.0 => /lib64/libpthread.so.0 (0x00007fab9657c000)
	/lib64/ld-linux-x86-64.so.2 (0x00007fab98a2e000)
	libattr.so.1 => /lib64/libattr.so.1 (0x00007fab96377000)
	libpcre.so.1 => /lib64/libpcre.so.1 (0x00007fab96115000)
	libelf.so.1 => /lib64/libelf.so.1 (0x00007fab95efd000)
	libz.so.1 => /lib64/libz.so.1 (0x00007fab95ce7000)
	libbz2.so.1 => /lib64/libbz2.so.1 (0x00007fab95ad7000)
/usr/bin/xmlcatalog
	linux-vdso.so.1 =>  (0x00007fff29dc7000)
	libxml2.so.2 => /lib64/libxml2.so.2 (0x00007f36396c1000)
	libdl.so.2 => /lib64/libdl.so.2 (0x00007f36394bd000)
	libz.so.1 => /lib64/libz.so.1 (0x00007f36392a7000)
	liblzma.so.5 => /lib64/liblzma.so.5 (0x00007f3639081000)
	libm.so.6 => /lib64/libm.so.6 (0x00007f3638d7f000)
	libc.so.6 => /lib64/libc.so.6 (0x00007f36389b2000)
	/lib64/ld-linux-x86-64.so.2 (0x00007f3639a2b000)
	libpthread.so.0 => /lib64/libpthread.so.0 (0x00007f3638796000)
[kamu@lnxsrv06 ~]$ ./sorter.sh > list
which: no pilfont.pyc in (/usr/local/cs/bin:/usr/lib64/qt-3.3/bin:/u/cs/ugrad/kamu/perl5/bin:/usr/local/bin:/usr/bin:/usr/X11R6/bin:/usr/local/cs/bin:/u/cs/ugrad/kamu/bin)
ldd: missing file arguments
Try `ldd --help' for more information.
[kamu@lnxsrv06 ~]$ emacs list
[kamu@lnxsrv06 ~]$ cat list | grep =|sed 's/(.*)//' | sort -u
	libabrt.so.0 => /lib64/libabrt.so.0 
	libacl.so.1 => /lib64/libacl.so.1 
	libapr-1.so.0 => /lib64/libapr-1.so.0 
	libaprutil-1.so.0 => /lib64/libaprutil-1.so.0 
	libasound.so.2 => /lib64/libasound.so.2 
	libattr.so.1 => /lib64/libattr.so.1 
	libaudit.so.1 => /lib64/libaudit.so.1 
	libaugeas.so.0 => /lib64/libaugeas.so.0 
	libblkid.so.1 => /lib64/libblkid.so.1 
	libbz2.so.1 => /lib64/libbz2.so.1 
	libcap-ng.so.0 => /lib64/libcap-ng.so.0 
	libcap.so.2 => /lib64/libcap.so.2 
	libcroco-0.6.so.3 => /lib64/libcroco-0.6.so.3 
	libcrypt.so.1 => /lib64/libcrypt.so.1 
	libc.so.6 => /lib64/libc.so.6 
	libdb-5.3.so => /lib64/libdb-5.3.so 
	libdl.so.2 => /lib64/libdl.so.2 
	libdw.so.1 => /lib64/libdw.so.1 
	libelf.so.1 => /lib64/libelf.so.1 
	libexpat.so.1 => /lib64/libexpat.so.1 
	libfa.so.1 => /lib64/libfa.so.1 
	libffi.so.6 => /lib64/libffi.so.6 
	libfreebl3.so => /lib64/libfreebl3.so 
	libgcc_s.so.1 => /lib64/libgcc_s.so.1 
	libgcrypt.so.11 => /lib64/libgcrypt.so.11 
	libGeoIP.so.1 => /lib64/libGeoIP.so.1 
	libgio-2.0.so.0 => /lib64/libgio-2.0.so.0 
	libglib-2.0.so.0 => /lib64/libglib-2.0.so.0 
	libgmodule-2.0.so.0 => /lib64/libgmodule-2.0.so.0 
	libgobject-2.0.so.0 => /lib64/libgobject-2.0.so.0 
	libgpg-error.so.0 => /lib64/libgpg-error.so.0 
	libICE.so.6 => /lib64/libICE.so.6 
	libjson-c.so.2 => /lib64/libjson-c.so.2 
	libkpathsea.so.6 => /lib64/libkpathsea.so.6 
	liblua-5.1.so => /lib64/liblua-5.1.so 
	liblz4.so.1 => /lib64/liblz4.so.1 
	liblzma.so.5 => /lib64/liblzma.so.5 
	libmagic.so.1 => /lib64/libmagic.so.1 
	libmount.so.1 => /lib64/libmount.so.1 
	libm.so.6 => /lib64/libm.so.6 
	libnetpbm.so.11 => /lib64/libnetpbm.so.11 
	libnl-3.so.200 => /lib64/libnl-3.so.200 
	libnl-cli-3.so.200 => /lib64/libnl-cli-3.so.200 
	libnl-genl-3.so.200 => /lib64/libnl-genl-3.so.200 
	libnl-idiag-3.so.200 => /lib64/libnl-idiag-3.so.200 
	libnl-nf-3.so.200 => /lib64/libnl-nf-3.so.200 
	libnl-route-3.so.200 => /lib64/libnl-route-3.so.200 
	libnspr4.so => /lib64/libnspr4.so 
	libnss3.so => /lib64/libnss3.so 
	libnssutil3.so => /lib64/libnssutil3.so 
	libpam_misc.so.0 => /lib64/libpam_misc.so.0 
	libpam.so.0 => /lib64/libpam.so.0 
	libpcre.so.1 => /lib64/libpcre.so.1 
	libplc4.so => /lib64/libplc4.so 
	libplds4.so => /lib64/libplds4.so 
	libpng15.so.15 => /lib64/libpng15.so.15 
	libpopt.so.0 => /lib64/libpopt.so.0 
	libprocps.so.4 => /lib64/libprocps.so.4 
	libpthread.so.0 => /lib64/libpthread.so.0 
	libreport.so.0 => /lib64/libreport.so.0 
	libresolv.so.2 => /lib64/libresolv.so.2 
	librpmio.so.3 => /lib64/librpmio.so.3 
	librpm.so.3 => /lib64/librpm.so.3 
	librt.so.1 => /lib64/librt.so.1 
	libsatyr.so.3 => /lib64/libsatyr.so.3 
	libselinux.so.1 => /lib64/libselinux.so.1 
	libsmime3.so => /lib64/libsmime3.so 
	libSM.so.6 => /lib64/libSM.so.6 
	libsoftokn3.so => /lib64/libsoftokn3.so 
	libsqlite3.so.0 => /lib64/libsqlite3.so.0 
	libssl3.so => /lib64/libssl3.so 
	libstdc++.so.6 => /lib64/libstdc++.so.6 
	libsvn_delta-1.so.0 => /lib64/libsvn_delta-1.so.0 
	libsvn_diff-1.so.0 => /lib64/libsvn_diff-1.so.0 
	libsvn_fs-1.so.0 => /lib64/libsvn_fs-1.so.0 
	libsvn_fs_base-1.so.0 => /lib64/libsvn_fs_base-1.so.0 
	libsvn_fs_fs-1.so.0 => /lib64/libsvn_fs_fs-1.so.0 
	libsvn_fs_util-1.so.0 => /lib64/libsvn_fs_util-1.so.0 
	libsvn_repos-1.so.0 => /lib64/libsvn_repos-1.so.0 
	libsvn_subr-1.so.0 => /lib64/libsvn_subr-1.so.0 
	libsystemd.so.0 => /lib64/libsystemd.so.0 
	libtar.so.1 => /lib64/libtar.so.1 
	libutil.so.1 => /lib64/libutil.so.1 
	libuuid.so.1 => /lib64/libuuid.so.1 
	libX11.so.6 => /lib64/libX11.so.6 
	libXau.so.6 => /lib64/libXau.so.6 
	libxcb.so.1 => /lib64/libxcb.so.1 
	libXext.so.6 => /lib64/libXext.so.6 
	libxml2.so.2 => /lib64/libxml2.so.2 
	libXt.so.6 => /lib64/libXt.so.6 
	libz.so.1 => /lib64/libz.so.1 
	linux-vdso.so.1 =>