Assignment 9. Change management
Laboratory: Managing a backported change

1. To get a copy of the Diffutils repository, I did
$ git clone ~eggert/src/gnu/diffutils



2. To get a log of Diffutils’ master branch, I did
$ cd diffutils
$ git log > git-log.txt



3. To generate a list of tags used for Diffutils’, I did
$ git tag > git-tags.txt



4. To find the commit and generate a patch, I did
$ emacs git-log.txt
I used C-s to search for "maint: quote 'like this’“ 
$ git format-patch -1 62ca21c8c1a5aa3488589dcb191a4ef04ae9ed4f --stdout > quote-patch.txt



5. To check out version 3.0 of Diffutils, I did
$ git checkout v3.0 



6. $ patch -p1 < quote-patch.txt
I had the following problems:

README: 9, 60
README-hacking: 19
cfg.mk: 29
src/diff.c: 876, 906, 942
src/diff3.c: 433



7. To get an overview of what happened, I did
$ git status

# HEAD detached at v3.0
# Changes not staged for commit:
#   (use "git add <file>..." to update what will be committed)
#   (use "git checkout -- <file>..." to discard changes in working directory)
#
#	modified:   NEWS
#	modified:   README
#	modified:   TODO
#	modified:   doc/diagmeet.note
#	modified:   ms/config.bat
#	modified:   ms/config.site
#	modified:   po/en.po
#	modified:   src/analyze.c
#	modified:   src/cmp.c
#	modified:   src/context.c
#	modified:   src/diff.c
#	modified:   src/diff.h
#	modified:   src/diff3.c
#	modified:   src/dir.c
#	modified:   src/ifdef.c
#	modified:   src/io.c
#	modified:   src/sdiff.c
#	modified:   src/side.c
#	modified:   src/system.h
#	modified:   src/util.c
#	modified:   tests/help-version
#
# Untracked files:
#   (use "git add <file>..." to include in what will be committed)
#
#	NEWS.orig
#	README-hacking.orig
#	README-hacking.rej
#	README.orig
#	README.rej
#	cfg.mk.orig
#	cfg.mk.rej
#	git-log.txt
#	git-tags.txt
#	ms/config.site.orig
#	quote-patch.txt
#	src/cmp.c.orig
#	src/context.c.orig
#	src/diff.c.orig
#	src/diff.c.rej
#	src/diff.h.orig
#	src/diff3.c.orig
#	src/diff3.c.rej
#	src/dir.c.orig
#	src/sdiff.c.orig
#	src/system.h.orig
#	src/util.c.orig
#	tests/help-version.orig
no changes added to commit (use "git add" and/or "git commit -a")



8. vc-revert reverts changes to the last version. vc-diff compares the file to pre-edited versions of the file. diff-apply-hunk reverts the hunk.



9. Reverting changes
The following files are not c files:
NEWS
README
TODO
doc/diagmeet.note
ms/config.bat,
ms/config.site
po/en.po
src/diff.h
src/system.h
tests/help-version

I used emacs to open these files and used vc-revert (C-x v u) to discard changes to those files.

The following files are c files:
src/analyze.c
src/cmp.c
src/context.c
src/diff.c
src/diff3.c
src/dir.c
src/ifdef.c
src/io.c
src/sdiff.c
src/side.c
src/util.c

I used emacs to open these files and used vc-diff (C-x v =) to check for the changes.
I used diff-apply-hunk (C-c C-a) to undo the changes made in constant C strings.



10. Rejected patches
I used emacs to open src/*.c.rej files and apply their changes with C-s


11. Remove untracked files
$ git clean -f



12. Patch for v3.0
git status gives us:

#	modified:   src/cmp.c
#	modified:   src/diff.c
#	modified:   src/diff3.c
#	modified:   src/dir.c
#	modified:   src/sdiff.c
#	modified:   src/util.c

Patch:
git diff > quote-3.0-patch.txt



13. Build the resulting modified version
$ ./bootstrap
$ ./configure
$ make
$ make check

$ ./src/diff . -
$ ./src/diff --help

Both gave the right quotes so the patch was successful.



14. Sanity Test
I cloned the code into a separate folder, checked out the v3.0 version, copied the source codes into diffutils-3.0 and the patched source codes into diffutils-3.0-patch, and used patch diff to compare them
$ mkdir diffutils-3.0
$ mkdir diffutils-3.0-patch
$ git clone ~eggert/src/gnu/diffutils diffutils-3.0-og

$ cd diffutils-3.0-og
$ git checkout 'v3.0' -b 'orig3.0'
$ cp ./src/*.c ../diffutils-3.0/
$ cd ..
$ cp ./diffutils/src/*.c ./diffutils-3.0-patch/
$ ./diffutils/src/diff -pru diffutils-3.0 diffutils-3.0-patch >quote-3.0-test.txt



15. Compare two patches:
$ diff -u quote-3.0-test.txt quote-3.0-patch.txt

There are some differences because of the different ordering of diff.c and diff3.c. Not including those differences, everything else is the same.